Archive member included to satisfy reference by file (symbol)

C:/ST/STM32CubeIDE_1.16.1/STM32CubeIDE/plugins/com.st.stm32cube.ide.mcu.externaltools.gnu-tools-for-stm32.12.3.rel1.win32_1.0.200.202406191623/tools/bin/../lib/gcc/arm-none-eabi/12.3.1/../../../../arm-none-eabi/lib/thumb/v7e-m/nofp\libc_nano.a(libc_a-exit.o)
                              C:/ST/STM32CubeIDE_1.16.1/STM32CubeIDE/plugins/com.st.stm32cube.ide.mcu.externaltools.gnu-tools-for-stm32.12.3.rel1.win32_1.0.200.202406191623/tools/bin/../lib/gcc/arm-none-eabi/12.3.1/../../../../arm-none-eabi/lib/thumb/v7e-m/nofp/crt0.o (exit)
C:/ST/STM32CubeIDE_1.16.1/STM32CubeIDE/plugins/com.st.stm32cube.ide.mcu.externaltools.gnu-tools-for-stm32.12.3.rel1.win32_1.0.200.202406191623/tools/bin/../lib/gcc/arm-none-eabi/12.3.1/../../../../arm-none-eabi/lib/thumb/v7e-m/nofp\libc_nano.a(libc_a-findfp.o)
                              C:/ST/STM32CubeIDE_1.16.1/STM32CubeIDE/plugins/com.st.stm32cube.ide.mcu.externaltools.gnu-tools-for-stm32.12.3.rel1.win32_1.0.200.202406191623/tools/bin/../lib/gcc/arm-none-eabi/12.3.1/../../../../arm-none-eabi/lib/thumb/v7e-m/nofp\libc_nano.a(libc_a-exit.o) (__stdio_exit_handler)
C:/ST/STM32CubeIDE_1.16.1/STM32CubeIDE/plugins/com.st.stm32cube.ide.mcu.externaltools.gnu-tools-for-stm32.12.3.rel1.win32_1.0.200.202406191623/tools/bin/../lib/gcc/arm-none-eabi/12.3.1/../../../../arm-none-eabi/lib/thumb/v7e-m/nofp\libc_nano.a(libc_a-fwalk.o)
                              C:/ST/STM32CubeIDE_1.16.1/STM32CubeIDE/plugins/com.st.stm32cube.ide.mcu.externaltools.gnu-tools-for-stm32.12.3.rel1.win32_1.0.200.202406191623/tools/bin/../lib/gcc/arm-none-eabi/12.3.1/../../../../arm-none-eabi/lib/thumb/v7e-m/nofp\libc_nano.a(libc_a-findfp.o) (_fwalk_sglue)
C:/ST/STM32CubeIDE_1.16.1/STM32CubeIDE/plugins/com.st.stm32cube.ide.mcu.externaltools.gnu-tools-for-stm32.12.3.rel1.win32_1.0.200.202406191623/tools/bin/../lib/gcc/arm-none-eabi/12.3.1/../../../../arm-none-eabi/lib/thumb/v7e-m/nofp\libc_nano.a(libc_a-stdio.o)
                              C:/ST/STM32CubeIDE_1.16.1/STM32CubeIDE/plugins/com.st.stm32cube.ide.mcu.externaltools.gnu-tools-for-stm32.12.3.rel1.win32_1.0.200.202406191623/tools/bin/../lib/gcc/arm-none-eabi/12.3.1/../../../../arm-none-eabi/lib/thumb/v7e-m/nofp\libc_nano.a(libc_a-findfp.o) (__sread)
C:/ST/STM32CubeIDE_1.16.1/STM32CubeIDE/plugins/com.st.stm32cube.ide.mcu.externaltools.gnu-tools-for-stm32.12.3.rel1.win32_1.0.200.202406191623/tools/bin/../lib/gcc/arm-none-eabi/12.3.1/../../../../arm-none-eabi/lib/thumb/v7e-m/nofp\libc_nano.a(libc_a-memset.o)
                              C:/ST/STM32CubeIDE_1.16.1/STM32CubeIDE/plugins/com.st.stm32cube.ide.mcu.externaltools.gnu-tools-for-stm32.12.3.rel1.win32_1.0.200.202406191623/tools/bin/../lib/gcc/arm-none-eabi/12.3.1/../../../../arm-none-eabi/lib/thumb/v7e-m/nofp/crt0.o (memset)
C:/ST/STM32CubeIDE_1.16.1/STM32CubeIDE/plugins/com.st.stm32cube.ide.mcu.externaltools.gnu-tools-for-stm32.12.3.rel1.win32_1.0.200.202406191623/tools/bin/../lib/gcc/arm-none-eabi/12.3.1/../../../../arm-none-eabi/lib/thumb/v7e-m/nofp\libc_nano.a(libc_a-closer.o)
                              C:/ST/STM32CubeIDE_1.16.1/STM32CubeIDE/plugins/com.st.stm32cube.ide.mcu.externaltools.gnu-tools-for-stm32.12.3.rel1.win32_1.0.200.202406191623/tools/bin/../lib/gcc/arm-none-eabi/12.3.1/../../../../arm-none-eabi/lib/thumb/v7e-m/nofp\libc_nano.a(libc_a-stdio.o) (_close_r)
C:/ST/STM32CubeIDE_1.16.1/STM32CubeIDE/plugins/com.st.stm32cube.ide.mcu.externaltools.gnu-tools-for-stm32.12.3.rel1.win32_1.0.200.202406191623/tools/bin/../lib/gcc/arm-none-eabi/12.3.1/../../../../arm-none-eabi/lib/thumb/v7e-m/nofp\libc_nano.a(libc_a-reent.o)
                              C:/ST/STM32CubeIDE_1.16.1/STM32CubeIDE/plugins/com.st.stm32cube.ide.mcu.externaltools.gnu-tools-for-stm32.12.3.rel1.win32_1.0.200.202406191623/tools/bin/../lib/gcc/arm-none-eabi/12.3.1/../../../../arm-none-eabi/lib/thumb/v7e-m/nofp\libc_nano.a(libc_a-closer.o) (errno)
C:/ST/STM32CubeIDE_1.16.1/STM32CubeIDE/plugins/com.st.stm32cube.ide.mcu.externaltools.gnu-tools-for-stm32.12.3.rel1.win32_1.0.200.202406191623/tools/bin/../lib/gcc/arm-none-eabi/12.3.1/../../../../arm-none-eabi/lib/thumb/v7e-m/nofp\libc_nano.a(libc_a-impure.o)
                              C:/ST/STM32CubeIDE_1.16.1/STM32CubeIDE/plugins/com.st.stm32cube.ide.mcu.externaltools.gnu-tools-for-stm32.12.3.rel1.win32_1.0.200.202406191623/tools/bin/../lib/gcc/arm-none-eabi/12.3.1/../../../../arm-none-eabi/lib/thumb/v7e-m/nofp\libc_nano.a(libc_a-reent.o) (_impure_ptr)
C:/ST/STM32CubeIDE_1.16.1/STM32CubeIDE/plugins/com.st.stm32cube.ide.mcu.externaltools.gnu-tools-for-stm32.12.3.rel1.win32_1.0.200.202406191623/tools/bin/../lib/gcc/arm-none-eabi/12.3.1/../../../../arm-none-eabi/lib/thumb/v7e-m/nofp\libc_nano.a(libc_a-lseekr.o)
[...]
Memory Configuration

Name             Origin             Length             Attributes
CCMRAM           0x10000000         0x00010000         xrw
RAM              0x20000000         0x00020000         xrw
FLASH            0x08000000         0x00100000         xr
*default*        0x00000000         0xffffffff

Linker script and memory map

LOAD C:/ST/STM32CubeIDE_1.16.1/STM32CubeIDE/plugins/com.st.stm32cube.ide.mcu.externaltools.gnu-tools-for-stm32.12.3.rel1.win32_1.0.200.202406191623/tools/bin/../lib/gcc/arm-none-eabi/12.3.1/thumb/v7e-m/nofp/crti.o
LOAD C:/ST/STM32CubeIDE_1.16.1/STM32CubeIDE/plugins/com.st.stm32cube.ide.mcu.externaltools.gnu-tools-for-stm32.12.3.rel1.win32_1.0.200.202406191623/tools/bin/../lib/gcc/arm-none-eabi/12.3.1/thumb/v7e-m/nofp/crtbegin.o
LOAD C:/ST/STM32CubeIDE_1.16.1/STM32CubeIDE/plugins/com.st.stm32cube.ide.mcu.externaltools.gnu-tools-for-stm32.12.3.rel1.win32_1.0.200.202406191623/tools/bin/../lib/gcc/arm-none-eabi/12.3.1/../../../../arm-none-eabi/lib/thumb/v7e-m/nofp/crt0.o
LOAD ./Drivers/Src/common.o
LOAD ./Drivers/Src/stm32f407xx_gpio_driver.o
LOAD ./Drivers/Src/stm32f407xx_usart_driver.o
LOAD ./Src/015uart_tx.o
LOAD ./Src/syscalls.o
LOAD ./Src/sysmem.o
LOAD ./Startup/startup_stm32f407vgtx.o
START GROUP
LOAD C:/ST/STM32CubeIDE_1.16.1/STM32CubeIDE/plugins/com.st.stm32cube.ide.mcu.externaltools.gnu-tools-for-stm32.12.3.rel1.win32_1.0.200.202406191623/tools/bin/../lib/gcc/arm-none-eabi/12.3.1/../../../../arm-none-eabi/lib/thumb/v7e-m/nofp\libc_nano.a
LOAD C:/ST/STM32CubeIDE_1.16.1/STM32CubeIDE/plugins/com.st.stm32cube.ide.mcu.externaltools.gnu-tools-for-stm32.12.3.rel1.win32_1.0.200.202406191623/tools/bin/../lib/gcc/arm-none-eabi/12.3.1/../../../../arm-none-eabi/lib/thumb/v7e-m/nofp\libm.a
END GROUP
START GROUP
LOAD C:/ST/STM32CubeIDE_1.16.1/STM32CubeIDE/plugins/com.st.stm32cube.ide.mcu.externaltools.gnu-tools-for-stm32.12.3.rel1.win32_1.0.200.202406191623/tools/bin/../lib/gcc/arm-none-eabi/12.3.1/thumb/v7e-m/nofp\libgcc.a
LOAD C:/ST/STM32CubeIDE_1.16.1/STM32CubeIDE/plugins/com.st.stm32cube.ide.mcu.externaltools.gnu-tools-for-stm32.12.3.rel1.win32_1.0.200.202406191623/tools/bin/../lib/gcc/arm-none-eabi/12.3.1/../../../../arm-none-eabi/lib/thumb/v7e-m/nofp\libc_nano.a
END GROUP
START GROUP
LOAD C:/ST/STM32CubeIDE_1.16.1/STM32CubeIDE/plugins/com.st.stm32cube.ide.mcu.externaltools.gnu-tools-for-stm32.12.3.rel1.win32_1.0.200.202406191623/tools/bin/../lib/gcc/arm-none-eabi/12.3.1/thumb/v7e-m/nofp\libgcc.a
LOAD C:/ST/STM32CubeIDE_1.16.1/STM32CubeIDE/plugins/com.st.stm32cube.ide.mcu.externaltools.gnu-tools-for-stm32.12.3.rel1.win32_1.0.200.202406191623/tools/bin/../lib/gcc/arm-none-eabi/12.3.1/../../../../arm-none-eabi/lib/thumb/v7e-m/nofp\libc_nano.a
LOAD C:/ST/STM32CubeIDE_1.16.1/STM32CubeIDE/plugins/com.st.stm32cube.ide.mcu.externaltools.gnu-tools-for-stm32.12.3.rel1.win32_1.0.200.202406191623/tools/bin/../lib/gcc/arm-none-eabi/12.3.1/../../../../arm-none-eabi/lib/thumb/v7e-m/nofp\libnosys.a
END GROUP
START GROUP
LOAD C:/ST/STM32CubeIDE_1.16.1/STM32CubeIDE/plugins/com.st.stm32cube.ide.mcu.externaltools.gnu-tools-for-stm32.12.3.rel1.win32_1.0.200.202406191623/tools/bin/../lib/gcc/arm-none-eabi/12.3.1/thumb/v7e-m/nofp\libgcc.a
LOAD C:/ST/STM32CubeIDE_1.16.1/STM32CubeIDE/plugins/com.st.stm32cube.ide.mcu.externaltools.gnu-tools-for-stm32.12.3.rel1.win32_1.0.200.202406191623/tools/bin/../lib/gcc/arm-none-eabi/12.3.1/../../../../arm-none-eabi/lib/thumb/v7e-m/nofp\libc_nano.a
LOAD C:/ST/STM32CubeIDE_1.16.1/STM32CubeIDE/plugins/com.st.stm32cube.ide.mcu.externaltools.gnu-tools-for-stm32.12.3.rel1.win32_1.0.200.202406191623/tools/bin/../lib/gcc/arm-none-eabi/12.3.1/../../../../arm-none-eabi/lib/thumb/v7e-m/nofp\libnosys.a
END GROUP
LOAD C:/ST/STM32CubeIDE_1.16.1/STM32CubeIDE/plugins/com.st.stm32cube.ide.mcu.externaltools.gnu-tools-for-stm32.12.3.rel1.win32_1.0.200.202406191623/tools/bin/../lib/gcc/arm-none-eabi/12.3.1/thumb/v7e-m/nofp/crtend.o
LOAD C:/ST/STM32CubeIDE_1.16.1/STM32CubeIDE/plugins/com.st.stm32cube.ide.mcu.externaltools.gnu-tools-for-stm32.12.3.rel1.win32_1.0.200.202406191623/tools/bin/../lib/gcc/arm-none-eabi/12.3.1/thumb/v7e-m/nofp/crtn.o
                0x20020000                        _estack = (ORIGIN (RAM) + LENGTH (RAM))
                0x00000200                        _Min_Heap_Size = 0x200
                0x00000400                        _Min_Stack_Size = 0x400

.isr_vector     0x08000000      0x188
                0x08000000                        . = ALIGN (0x4)
 *(.isr_vector)
 .isr_vector    0x08000000      0x188 ./Startup/startup_stm32f407vgtx.o
                0x08000000                g_pfnVectors
                0x08000188                        . = ALIGN (0x4)

.text           0x08000188      0xbdc
                0x08000188                        . = ALIGN (0x4)
 *(.text)
 .text          0x08000188       0x40 C:/ST/STM32CubeIDE_1.16.1/STM32CubeIDE/plugins/com.st.stm32cube.ide.mcu.externaltools.gnu-tools-for-stm32.12.3.rel1.win32_1.0.200.202406191623/tools/bin/../lib/gcc/arm-none-eabi/12.3.1/thumb/v7e-m/nofp/crtbegin.o
 .text          0x080001c8       0x10 C:/ST/STM32CubeIDE_1.16.1/STM32CubeIDE/plugins/com.st.stm32cube.ide.mcu.externaltools.gnu-tools-for-stm32.12.3.rel1.win32_1.0.200.202406191623/tools/bin/../lib/gcc/arm-none-eabi/12.3.1/../../../../arm-none-eabi/lib/thumb/v7e-m/nofp\libc_nano.a(libc_a-strlen.o)
                0x080001c8                strlen
 *(.text*)
 .text.RCC_GetPCLK1Value
                0x080001d8       0xb4 ./Drivers/Src/common.o
                0x080001d8                RCC_GetPCLK1Value
 .text.RCC_GetPCLK2Value
                0x0800028c       0xa0 ./Drivers/Src/common.o
                0x0800028c                RCC_GetPCLK2Value
 .text.RCC_GetPLLOutputClock
                0x0800032c        0xe ./Drivers/Src/common.o
                0x0800032c                RCC_GetPLLOutputClock
 *fill*         0x0800033a        0x2 
 .text.GPIO_PeriClockControl
                0x0800033c      0x108 ./Drivers/Src/stm32f407xx_gpio_driver.o
                0x0800033c                GPIO_PeriClockControl
 .text.GPIO_Init
                0x08000444      0x324 ./Drivers/Src/stm32f407xx_gpio_driver.o
                0x08000444                GPIO_Init
 .text.GPIO_ReadFromInputPin
                0x08000768       0x2a ./Drivers/Src/stm32f407xx_gpio_driver.o
                0x08000768                GPIO_ReadFromInputPin
 .text.USART_Init
                0x08000792       0xfa ./Drivers/Src/stm32f407xx_usart_driver.o
                0x08000792                USART_Init
 .text.USART_PeriClockControl
                0x0800088c      0x120 ./Drivers/Src/stm32f407xx_usart_driver.o
                0x0800088c                USART_PeriClockControl
 .text.USART_SendData
                0x080009ac       0x9c ./Drivers/Src/stm32f407xx_usart_driver.o
                0x080009ac                USART_SendData
 .text.USART_SetBaudRate
                0x08000a48       0xe4 ./Drivers/Src/stm32f407xx_usart_driver.o
                0x08000a48                USART_SetBaudRate
 .text.USART_GetFlagStatus
                0x08000b2c       0x28 ./Drivers/Src/stm32f407xx_usart_driver.o
                0x08000b2c                USART_GetFlagStatus
 .text.USART2_Init
                0x08000b54       0x44 ./Src/015uart_tx.o
                0x08000b54                USART2_Init
 .text.USART2_GPIOInit
                0x08000b98       0x44 ./Src/015uart_tx.o
                0x08000b98                USART2_GPIOInit
 .text.GPIO_ButtonInit
                0x08000bdc       0x58 ./Src/015uart_tx.o
                0x08000bdc                GPIO_ButtonInit
 .text.delay    0x08000c34       0x2c ./Src/015uart_tx.o
                0x08000c34                delay
 .text.main     0x08000c60       0x50 ./Src/015uart_tx.o
                0x08000c60                main
 .text.Reset_Handler
                0x08000cb0       0x50 ./Startup/startup_stm32f407vgtx.o
                0x08000cb0                Reset_Handler
 .text.Default_Handler
                0x08000d00        0x2 ./Startup/startup_stm32f407vgtx.o
                0x08000d00                RTC_Alarm_IRQHandler
                0x08000d00                HASH_RNG_IRQHandler
                0x08000d00                EXTI2_IRQHandler
                0x08000d00                TIM8_CC_IRQHandler
                0x08000d00                DebugMon_Handler
                0x08000d00                TIM1_CC_IRQHandler
                0x08000d00                DMA2_Stream5_IRQHandler
                0x08000d00                HardFault_Handler
                0x08000d00                DMA1_Stream5_IRQHandler
                0x08000d00                SysTick_Handler
                0x08000d00                PVD_IRQHandler
                0x08000d00                SDIO_IRQHandler
                0x08000d00                TAMP_STAMP_IRQHandler
                0x08000d00                PendSV_Handler
                0x08000d00                NMI_Handler
                0x08000d00                CAN2_RX1_IRQHandler
                0x08000d00                EXTI3_IRQHandler
                0x08000d00                TIM8_TRG_COM_TIM14_IRQHandler
                0x08000d00                TIM1_UP_TIM10_IRQHandler
                0x08000d00                TIM8_UP_TIM13_IRQHandler
                0x08000d00                I2C3_ER_IRQHandler
                0x08000d00                EXTI0_IRQHandler
                0x08000d00                I2C2_EV_IRQHandler
                0x08000d00                DMA1_Stream2_IRQHandler
                0x08000d00                CAN1_RX0_IRQHandler
                0x08000d00                FPU_IRQHandler
                0x08000d00                OTG_HS_WKUP_IRQHandler
                0x08000d00                UsageFault_Handler
                0x08000d00                CAN2_SCE_IRQHandler
                0x08000d00                DMA2_Stream2_IRQHandler
                0x08000d00                SPI1_IRQHandler
                0x08000d00                TIM6_DAC_IRQHandler
                0x08000d00                TIM1_BRK_TIM9_IRQHandler
                0x08000d00                DCMI_IRQHandler
                0x08000d00                CAN2_RX0_IRQHandler
                0x08000d00                DMA2_Stream3_IRQHandler
                0x08000d00                USART6_IRQHandler
                0x08000d00                USART3_IRQHandler
                0x08000d00                CRYP_IRQHandler
                0x08000d00                CAN1_RX1_IRQHandler
                0x08000d00                UART5_IRQHandler
                0x08000d00                DMA2_Stream0_IRQHandler
                0x08000d00                TIM4_IRQHandler
                0x08000d00                I2C1_EV_IRQHandler
                0x08000d00                DMA1_Stream6_IRQHandler
                0x08000d00                DMA1_Stream1_IRQHandler
                0x08000d00                UART4_IRQHandler
                0x08000d00                TIM3_IRQHandler
                0x08000d00                RCC_IRQHandler
                0x08000d00                TIM8_BRK_TIM12_IRQHandler
                0x08000d00                Default_Handler
                0x08000d00                EXTI15_10_IRQHandler
                0x08000d00                ADC_IRQHandler
                0x08000d00                DMA1_Stream7_IRQHandler
                0x08000d00                TIM7_IRQHandler
                0x08000d00                CAN2_TX_IRQHandler
                0x08000d00                TIM5_IRQHandler
                0x08000d00                DMA2_Stream7_IRQHandler
                0x08000d00                I2C3_EV_IRQHandler
                0x08000d00                EXTI9_5_IRQHandler
                0x08000d00                RTC_WKUP_IRQHandler
                0x08000d00                ETH_WKUP_IRQHandler
                0x08000d00                SPI2_IRQHandler
                0x08000d00                OTG_HS_EP1_IN_IRQHandler
                0x08000d00                MemManage_Handler
                0x08000d00                DMA1_Stream0_IRQHandler
                0x08000d00                CAN1_TX_IRQHandler
                0x08000d00                SVC_Handler
                0x08000d00                EXTI4_IRQHandler
                0x08000d00                FSMC_IRQHandler
                0x08000d00                ETH_IRQHandler
                0x08000d00                OTG_HS_EP1_OUT_IRQHandler
                0x08000d00                WWDG_IRQHandler
                0x08000d00                TIM2_IRQHandler
                0x08000d00                OTG_FS_WKUP_IRQHandler
                0x08000d00                TIM1_TRG_COM_TIM11_IRQHandler
                0x08000d00                OTG_HS_IRQHandler
                0x08000d00                EXTI1_IRQHandler
                0x08000d00                USART2_IRQHandler
                0x08000d00                I2C2_ER_IRQHandler
                0x08000d00                DMA2_Stream1_IRQHandler
                0x08000d00                CAN1_SCE_IRQHandler
                0x08000d00                DMA2_Stream4_IRQHandler
                0x08000d00                BusFault_Handler
                0x08000d00                USART1_IRQHandler
                0x08000d00                OTG_FS_IRQHandler
                0x08000d00                SPI3_IRQHandler
                0x08000d00                DMA1_Stream4_IRQHandler
                0x08000d00                I2C1_ER_IRQHandler
                0x08000d00                DMA2_Stream6_IRQHandler
                0x08000d00                DMA1_Stream3_IRQHandler
 *fill*         0x08000d02        0x2 
 .text.__libc_init_array
                0x08000d04       0x48 C:/ST/STM32CubeIDE_1.16.1/STM32CubeIDE/plugins/com.st.stm32cube.ide.mcu.externaltools.gnu-tools-for-stm32.12.3.rel1.win32_1.0.200.202406191623/tools/bin/../lib/gcc/arm-none-eabi/12.3.1/../../../../arm-none-eabi/lib/thumb/v7e-m/nofp\libc_nano.a(libc_a-init.o)
                0x08000d04                __libc_init_array
 *(.glue_7)
 .glue_7        0x08000d4c        0x0 linker stubs
 *(.glue_7t)
 .glue_7t       0x08000d4c        0x0 linker stubs
 *(.eh_frame)
 .eh_frame      0x08000d4c        0x0 C:/ST/STM32CubeIDE_1.16.1/STM32CubeIDE/plugins/com.st.stm32cube.ide.mcu.externaltools.gnu-tools-for-stm32.12.3.rel1.win32_1.0.200.202406191623/tools/bin/../lib/gcc/arm-none-eabi/12.3.1/thumb/v7e-m/nofp/crtbegin.o
 *(.init)
 .init          0x08000d4c        0x4 C:/ST/STM32CubeIDE_1.16.1/STM32CubeIDE/plugins/com.st.stm32cube.ide.mcu.externaltools.gnu-tools-for-stm32.12.3.rel1.win32_1.0.200.202406191623/tools/bin/../lib/gcc/arm-none-eabi/12.3.1/thumb/v7e-m/nofp/crti.o
                0x08000d4c                _init
 .init          0x08000d50        0x8 C:/ST/STM32CubeIDE_1.16.1/STM32CubeIDE/plugins/com.st.stm32cube.ide.mcu.externaltools.gnu-tools-for-stm32.12.3.rel1.win32_1.0.200.202406191623/tools/bin/../lib/gcc/arm-none-eabi/12.3.1/thumb/v7e-m/nofp/crtn.o
 *(.fini)
 .fini          0x08000d58        0x4 C:/ST/STM32CubeIDE_1.16.1/STM32CubeIDE/plugins/com.st.stm32cube.ide.mcu.externaltools.gnu-tools-for-stm32.12.3.rel1.win32_1.0.200.202406191623/tools/bin/../lib/gcc/arm-none-eabi/12.3.1/thumb/v7e-m/nofp/crti.o
                0x08000d58                _fini
 .fini          0x08000d5c        0x8 C:/ST/STM32CubeIDE_1.16.1/STM32CubeIDE/plugins/com.st.stm32cube.ide.mcu.externaltools.gnu-tools-for-stm32.12.3.rel1.win32_1.0.200.202406191623/tools/bin/../lib/gcc/arm-none-eabi/12.3.1/thumb/v7e-m/nofp/crtn.o
                0x08000d64                        . = ALIGN (0x4)
                0x08000d64                        _etext = .

.vfp11_veneer   0x08000d64        0x0
 .vfp11_veneer  0x08000d64        0x0 linker stubs

.v4_bx          0x08000d64        0x0
 .v4_bx         0x08000d64        0x0 linker stubs

.iplt           0x08000d64        0x0
 .iplt          0x08000d64        0x0 C:/ST/STM32CubeIDE_1.16.1/STM32CubeIDE/plugins/com.st.stm32cube.ide.mcu.externaltools.gnu-tools-for-stm32.12.3.rel1.win32_1.0.200.202406191623/tools/bin/../lib/gcc/arm-none-eabi/12.3.1/thumb/v7e-m/nofp/crtbegin.o

.rodata         0x08000d64        0x0
                0x08000d64                        . = ALIGN (0x4)
 *(.rodata)
 *(.rodata*)
                0x08000d64                        . = ALIGN (0x4)

.ARM.extab      0x08000d64        0x0
                0x08000d64                        . = ALIGN (0x4)
 *(.ARM.extab* .gnu.linkonce.armextab.*)
                0x08000d64                        . = ALIGN (0x4)

.ARM            0x08000d64        0x8
                0x08000d64                        . = ALIGN (0x4)
                0x08000d64                        __exidx_start = .
 *(.ARM.exidx*)
 .ARM.exidx     0x08000d64        0x8 C:/ST/STM32CubeIDE_1.16.1/STM32CubeIDE/plugins/com.st.stm32cube.ide.mcu.externaltools.gnu-tools-for-stm32.12.3.rel1.win32_1.0.200.202406191623/tools/bin/../lib/gcc/arm-none-eabi/12.3.1/../../../../arm-none-eabi/lib/thumb/v7e-m/nofp\libc_nano.a(libc_a-strlen.o)
                0x08000d6c                        __exidx_end = .
                0x08000d6c                        . = ALIGN (0x4)

.preinit_array  0x08000d6c        0x0
                0x08000d6c                        . = ALIGN (0x4)
                0x08000d6c                        PROVIDE (__preinit_array_start = .)
 *(.preinit_array*)
                0x08000d6c                        PROVIDE (__preinit_array_end = .)
                0x08000d6c                        . = ALIGN (0x4)

.init_array     0x08000d6c        0x4
                0x08000d6c                        . = ALIGN (0x4)
                0x08000d6c                        PROVIDE (__init_array_start = .)
 *(SORT_BY_NAME(.init_array.*))
 *(.init_array*)
 .init_array    0x08000d6c        0x4 C:/ST/STM32CubeIDE_1.16.1/STM32CubeIDE/plugins/com.st.stm32cube.ide.mcu.externaltools.gnu-tools-for-stm32.12.3.rel1.win32_1.0.200.202406191623/tools/bin/../lib/gcc/arm-none-eabi/12.3.1/thumb/v7e-m/nofp/crtbegin.o
                0x08000d70                        PROVIDE (__init_array_end = .)
                0x08000d70                        . = ALIGN (0x4)

.fini_array     0x08000d70        0x4
                0x08000d70                        . = ALIGN (0x4)
                [!provide]                        PROVIDE (__fini_array_start = .)
 *(SORT_BY_NAME(.fini_array.*))
 *(.fini_array*)
 .fini_array    0x08000d70        0x4 C:/ST/STM32CubeIDE_1.16.1/STM32CubeIDE/plugins/com.st.stm32cube.ide.mcu.externaltools.gnu-tools-for-stm32.12.3.rel1.win32_1.0.200.202406191623/tools/bin/../lib/gcc/arm-none-eabi/12.3.1/thumb/v7e-m/nofp/crtbegin.o
                [!provide]                        PROVIDE (__fini_array_end = .)
                0x08000d74                        . = ALIGN (0x4)
                0x08000d74                        _sidata = LOADADDR (.data)

.rel.dyn        0x08000d74        0x0
 .rel.iplt      0x08000d74        0x0 C:/ST/STM32CubeIDE_1.16.1/STM32CubeIDE/plugins/com.st.stm32cube.ide.mcu.externaltools.gnu-tools-for-stm32.12.3.rel1.win32_1.0.200.202406191623/tools/bin/../lib/gcc/arm-none-eabi/12.3.1/thumb/v7e-m/nofp/crtbegin.o

.data           0x20000000      0x420 load address 0x08000d74
                0x20000000                        . = ALIGN (0x4)
                0x20000000                        _sdata = .
 *(.data)
 *(.data*)
 .data.AHB_PreScaler
                0x20000000       0x10 ./Drivers/Src/common.o
                0x20000000                AHB_PreScaler
 .data.APB1_PreScaler
                0x20000010       0x10 ./Drivers/Src/common.o
                0x20000010                APB1_PreScaler
 .data.msg      0x20000020      0x400 ./Src/015uart_tx.o
                0x20000020                msg
 *(.RamFunc)
 *(.RamFunc*)
                0x20000420                        . = ALIGN (0x4)
                0x20000420                        _edata = .
                0x08001194                        _siccmram = LOADADDR (.ccmram)

.igot.plt       0x20000420        0x0 load address 0x08001194
 .igot.plt      0x20000420        0x0 C:/ST/STM32CubeIDE_1.16.1/STM32CubeIDE/plugins/com.st.stm32cube.ide.mcu.externaltools.gnu-tools-for-stm32.12.3.rel1.win32_1.0.200.202406191623/tools/bin/../lib/gcc/arm-none-eabi/12.3.1/thumb/v7e-m/nofp/crtbegin.o

.ccmram         0x10000000        0x0 load address 0x08001194
                0x10000000                        . = ALIGN (0x4)
                0x10000000                        _sccmram = .
 *(.ccmram)
 *(.ccmram*)
                0x10000000                        . = ALIGN (0x4)
                0x10000000                        _eccmram = .
                0x10000000                        . = ALIGN (0x4)

.bss            0x20000420       0x40
                0x20000420                        _sbss = .
                0x20000420                        __bss_start__ = _sbss
 *(.bss)
 .bss           0x20000420       0x1c C:/ST/STM32CubeIDE_1.16.1/STM32CubeIDE/plugins/com.st.stm32cube.ide.mcu.externaltools.gnu-tools-for-stm32.12.3.rel1.win32_1.0.200.202406191623/tools/bin/../lib/gcc/arm-none-eabi/12.3.1/thumb/v7e-m/nofp/crtbegin.o
 *(.bss*)
 .bss.usart2_handle
                0x2000043c       0x24 ./Src/015uart_tx.o
                0x2000043c                usart2_handle
 *(COMMON)
                0x20000460                        . = ALIGN (0x4)
                0x20000460                        _ebss = .
                0x20000460                        __bss_end__ = _ebss

._user_heap_stack
                0x20000460      0x600
                0x20000460                        . = ALIGN (0x8)
                [!provide]                        PROVIDE (end = .)
                0x20000460                        PROVIDE (_end = .)
                0x20000660                        . = (. + _Min_Heap_Size)
 *fill*         0x20000460      0x200 
                0x20000a60                        . = (. + _Min_Stack_Size)
 *fill*         0x20000660      0x400 
                0x20000a60                        . = ALIGN (0x8)

/DISCARD/
 libc.a(*)
 libm.a(*)
 libgcc.a(*)

.ARM.attributes
                0x00000000       0x2a
 *(.ARM.attributes)
 .ARM.attributes
                0x00000000       0x1e C:/ST/STM32CubeIDE_1.16.1/STM32CubeIDE/plugins/com.st.stm32cube.ide.mcu.externaltools.gnu-tools-for-stm32.12.3.rel1.win32_1.0.200.202406191623/tools/bin/../lib/gcc/arm-none-eabi/12.3.1/thumb/v7e-m/nofp/crti.o
 .ARM.attributes
                0x0000001e       0x2e C:/ST/STM32CubeIDE_1.16.1/STM32CubeIDE/plugins/com.st.stm32cube.ide.mcu.externaltools.gnu-tools-for-stm32.12.3.rel1.win32_1.0.200.202406191623/tools/bin/../lib/gcc/arm-none-eabi/12.3.1/thumb/v7e-m/nofp/crtbegin.o
 .ARM.attributes
                0x0000004c       0x2e ./Drivers/Src/common.o
 .ARM.attributes
                0x0000007a       0x2e ./Drivers/Src/stm32f407xx_gpio_driver.o
 .ARM.attributes
                0x000000a8       0x2e ./Drivers/Src/stm32f407xx_usart_driver.o
 .ARM.attributes
                0x000000d6       0x2e ./Src/015uart_tx.o
 .ARM.attributes
                0x00000104       0x21 ./Startup/startup_stm32f407vgtx.o
 .ARM.attributes
                0x00000125       0x2e C:/ST/STM32CubeIDE_1.16.1/STM32CubeIDE/plugins/com.st.stm32cube.ide.mcu.externaltools.gnu-tools-for-stm32.12.3.rel1.win32_1.0.200.202406191623/tools/bin/../lib/gcc/arm-none-eabi/12.3.1/../../../../arm-none-eabi/lib/thumb/v7e-m/nofp\libc_nano.a(libc_a-init.o)
 .ARM.attributes
                0x00000153       0x17 C:/ST/STM32CubeIDE_1.16.1/STM32CubeIDE/plugins/com.st.stm32cube.ide.mcu.externaltools.gnu-tools-for-stm32.12.3.rel1.win32_1.0.200.202406191623/tools/bin/../lib/gcc/arm-none-eabi/12.3.1/../../../../arm-none-eabi/lib/thumb/v7e-m/nofp\libc_nano.a(libc_a-strlen.o)
 .ARM.attributes
                0x0000016a       0x1e C:/ST/STM32CubeIDE_1.16.1/STM32CubeIDE/plugins/com.st.stm32cube.ide.mcu.externaltools.gnu-tools-for-stm32.12.3.rel1.win32_1.0.200.202406191623/tools/bin/../lib/gcc/arm-none-eabi/12.3.1/thumb/v7e-m/nofp/crtn.o
OUTPUT(USART_Driver.elf elf32-littlearm)
LOAD linker stubs
LOAD C:/ST/STM32CubeIDE_1.16.1/STM32CubeIDE/plugins/com.st.stm32cube.ide.mcu.externaltools.gnu-tools-for-stm32.12.3.rel1.win32_1.0.200.202406191623/tools/bin/../lib/gcc/arm-none-eabi/12.3.1/../../../../arm-none-eabi/lib/thumb/v7e-m/nofp\libc.a
LOAD C:/ST/STM32CubeIDE_1.16.1/STM32CubeIDE/plugins/com.st.stm32cube.ide.mcu.externaltools.gnu-tools-for-stm32.12.3.rel1.win32_1.0.200.202406191623/tools/bin/../lib/gcc/arm-none-eabi/12.3.1/../../../../arm-none-eabi/lib/thumb/v7e-m/nofp\libm.a
LOAD C:/ST/STM32CubeIDE_1.16.1/STM32CubeIDE/plugins/com.st.stm32cube.ide.mcu.externaltools.gnu-tools-for-stm32.12.3.rel1.win32_1.0.200.202406191623/tools/bin/../lib/gcc/arm-none-eabi/12.3.1/thumb/v7e-m/nofp\libgcc.a

.debug_info     0x00000000     0x179e
 .debug_info    0x00000000      0x3be ./Drivers/Src/common.o
 .debug_info    0x000003be      0x75f ./Drivers/Src/stm32f407xx_gpio_driver.o
 .debug_info    0x00000b1d      0x792 ./Drivers/Src/stm32f407xx_usart_driver.o
 .debug_info    0x000012af      0x4bf ./Src/015uart_tx.o
 .debug_info    0x0000176e       0x30 ./Startup/startup_stm32f407vgtx.o

.debug_abbrev   0x00000000      0x648
 .debug_abbrev  0x00000000      0x113 ./Drivers/Src/common.o
 .debug_abbrev  0x00000113      0x177 ./Drivers/Src/stm32f407xx_gpio_driver.o
 .debug_abbrev  0x0000028a      0x205 ./Drivers/Src/stm32f407xx_usart_driver.o
 .debug_abbrev  0x0000048f      0x195 ./Src/015uart_tx.o
 .debug_abbrev  0x00000624       0x24 ./Startup/startup_stm32f407vgtx.o

.debug_aranges  0x00000000      0x178
 .debug_aranges
                0x00000000       0x30 ./Drivers/Src/common.o
 .debug_aranges
                0x00000030       0x70 ./Drivers/Src/stm32f407xx_gpio_driver.o
 .debug_aranges
                0x000000a0       0x70 ./Drivers/Src/stm32f407xx_usart_driver.o
 .debug_aranges
                0x00000110       0x40 ./Src/015uart_tx.o
 .debug_aranges
                0x00000150       0x28 ./Startup/startup_stm32f407vgtx.o

.debug_rnglists
                0x00000000      0x10e
 .debug_rnglists
                0x00000000       0x21 ./Drivers/Src/common.o
 .debug_rnglists
                0x00000021       0x53 ./Drivers/Src/stm32f407xx_gpio_driver.o
 .debug_rnglists
                0x00000074       0x56 ./Drivers/Src/stm32f407xx_usart_driver.o
 .debug_rnglists
                0x000000ca       0x2b ./Src/015uart_tx.o
 .debug_rnglists
                0x000000f5       0x19 ./Startup/startup_stm32f407vgtx.o

.debug_macro    0x00000000     0x2752
 .debug_macro   0x00000000       0x72 ./Drivers/Src/common.o
 .debug_macro   0x00000072      0xab4 ./Drivers/Src/common.o
 .debug_macro   0x00000b26       0x22 ./Drivers/Src/common.o
 .debug_macro   0x00000b48       0x8e ./Drivers/Src/common.o
 .debug_macro   0x00000bd6       0x51 ./Drivers/Src/common.o
 .debug_macro   0x00000c27      0x103 ./Drivers/Src/common.o
 .debug_macro   0x00000d2a       0x6a ./Drivers/Src/common.o
 .debug_macro   0x00000d94      0x1df ./Drivers/Src/common.o
 .debug_macro   0x00000f73      0x114 ./Drivers/Src/common.o
 .debug_macro   0x00001087       0x8f ./Drivers/Src/stm32f407xx_gpio_driver.o
 .debug_macro   0x00001116      0x11a ./Drivers/Src/stm32f407xx_gpio_driver.o
 .debug_macro   0x00001230      0x17d ./Drivers/Src/stm32f407xx_gpio_driver.o
 .debug_macro   0x000013ad       0xac ./Drivers/Src/stm32f407xx_gpio_driver.o
 .debug_macro   0x00001459      0x175 ./Drivers/Src/stm32f407xx_usart_driver.o
 .debug_macro   0x000015ce       0x5b ./Drivers/Src/stm32f407xx_usart_driver.o
 .debug_macro   0x00001629       0x24 ./Drivers/Src/stm32f407xx_usart_driver.o
 .debug_macro   0x0000164d       0x94 ./Drivers/Src/stm32f407xx_usart_driver.o
 .debug_macro   0x000016e1       0x43 ./Drivers/Src/stm32f407xx_usart_driver.o
 .debug_macro   0x00001724       0x34 ./Drivers/Src/stm32f407xx_usart_driver.o
 .debug_macro   0x00001758       0x16 ./Drivers/Src/stm32f407xx_usart_driver.o
 .debug_macro   0x0000176e       0x57 ./Drivers/Src/stm32f407xx_usart_driver.o
 .debug_macro   0x000017c5       0x9e ./Drivers/Src/stm32f407xx_usart_driver.o
 .debug_macro   0x00001863      0x369 ./Drivers/Src/stm32f407xx_usart_driver.o
 .debug_macro   0x00001bcc      0x10b ./Drivers/Src/stm32f407xx_usart_driver.o
 .debug_macro   0x00001cd7       0x10 ./Drivers/Src/stm32f407xx_usart_driver.o
 .debug_macro   0x00001ce7       0x16 ./Drivers/Src/stm32f407xx_usart_driver.o
 .debug_macro   0x00001cfd       0x43 ./Drivers/Src/stm32f407xx_usart_driver.o
 .debug_macro   0x00001d40       0x34 ./Drivers/Src/stm32f407xx_usart_driver.o
 .debug_macro   0x00001d74       0x10 ./Drivers/Src/stm32f407xx_usart_driver.o
 .debug_macro   0x00001d84       0x58 ./Drivers/Src/stm32f407xx_usart_driver.o
 .debug_macro   0x00001ddc       0x8e ./Drivers/Src/stm32f407xx_usart_driver.o
 .debug_macro   0x00001e6a       0x1c ./Drivers/Src/stm32f407xx_usart_driver.o
 .debug_macro   0x00001e86      0x177 ./Drivers/Src/stm32f407xx_usart_driver.o
 .debug_macro   0x00001ffd       0x16 ./Drivers/Src/stm32f407xx_usart_driver.o
 .debug_macro   0x00002013       0x16 ./Drivers/Src/stm32f407xx_usart_driver.o
 .debug_macro   0x00002029      0x146 ./Drivers/Src/stm32f407xx_usart_driver.o
 .debug_macro   0x0000216f       0x22 ./Drivers/Src/stm32f407xx_usart_driver.o
 .debug_macro   0x00002191      0x1d5 ./Drivers/Src/stm32f407xx_usart_driver.o
 .debug_macro   0x00002366      0x100 ./Drivers/Src/stm32f407xx_usart_driver.o
 .debug_macro   0x00002466      0x1cd ./Src/015uart_tx.o
 .debug_macro   0x00002633       0x16 ./Src/015uart_tx.o
 .debug_macro   0x00002649       0x35 ./Src/015uart_tx.o
 .debug_macro   0x0000267e       0x20 ./Src/015uart_tx.o
 .debug_macro   0x0000269e       0xb4 ./Src/015uart_tx.o

.debug_line     0x00000000     0x22f8
 .debug_line    0x00000000      0x540 ./Drivers/Src/common.o
 .debug_line    0x00000540      0x9de ./Drivers/Src/stm32f407xx_gpio_driver.o
 .debug_line    0x00000f1e      0xc1f ./Drivers/Src/stm32f407xx_usart_driver.o
 .debug_line    0x00001b3d      0x740 ./Src/015uart_tx.o
 .debug_line    0x0000227d       0x7b ./Startup/startup_stm32f407vgtx.o

.debug_str      0x00000000     0x9acf
 .debug_str     0x00000000     0x4171 ./Drivers/Src/common.o
                               0x42fa (size before relaxing)
 .debug_str     0x00004171      0xf16 ./Drivers/Src/stm32f407xx_gpio_driver.o
                               0x5161 (size before relaxing)
 .debug_str     0x00005087     0x4914 ./Drivers/Src/stm32f407xx_usart_driver.o
                               0x8c16 (size before relaxing)
 .debug_str     0x0000999b       0xf5 ./Src/015uart_tx.o
                               0x978b (size before relaxing)
 .debug_str     0x00009a90       0x3f ./Startup/startup_stm32f407vgtx.o
                                 0x7d (size before relaxing)

.comment        0x00000000       0x43
 .comment       0x00000000       0x43 ./Drivers/Src/common.o
                                 0x44 (size before relaxing)
 .comment       0x00000043       0x44 ./Drivers/Src/stm32f407xx_gpio_driver.o
 .comment       0x00000043       0x44 ./Drivers/Src/stm32f407xx_usart_driver.o
 .comment       0x00000043       0x44 ./Src/015uart_tx.o

.debug_frame    0x00000000      0x4e0
 .debug_frame   0x00000000       0x7c ./Drivers/Src/common.o
 .debug_frame   0x0000007c      0x1c8 ./Drivers/Src/stm32f407xx_gpio_driver.o
 .debug_frame   0x00000244      0x1b8 ./Drivers/Src/stm32f407xx_usart_driver.o
 .debug_frame   0x000003fc       0xb8 ./Src/015uart_tx.o
 .debug_frame   0x000004b4       0x2c C:/ST/STM32CubeIDE_1.16.1/STM32CubeIDE/plugins/com.st.stm32cube.ide.mcu.externaltools.gnu-tools-for-stm32.12.3.rel1.win32_1.0.200.202406191623/tools/bin/../lib/gcc/arm-none-eabi/12.3.1/../../../../arm-none-eabi/lib/thumb/v7e-m/nofp\libc_nano.a(libc_a-init.o)

.debug_line_str
                0x00000000       0x61
 .debug_line_str
                0x00000000       0x61 ./Startup/startup_stm32f407vgtx.o
