13:28:01 **** Incremental Build of configuration Debug for project SPI_Driver ****
make -j8 all 
arm-none-eabi-gcc -mcpu=cortex-m4 -g3 -DDEBUG -c -x assembler-with-cpp -MMD -MP -MF"Startup/startup_stm32f407vgtx.d" -MT"Startup/startup_stm32f407vgtx.o" --specs=nano.specs -mfloat-abi=soft -mthumb -o "Startup/startup_stm32f407vgtx.o" "../Startup/startup_stm32f407vgtx.s"
arm-none-eabi-gcc "../Src/009spi_message_rcv_it.c" -mcpu=cortex-m4 -std=gnu11 -g3 -DDEBUG -DSTM32 -DSTM32F407G_DISC1 -DSTM32F4 -DSTM32F407VGTx -c -I../Inc -I"C:/STM32F407G_Development/Development/MCU1/SPI_Driver/Drivers/Inc" -O0 -ffunction-sections -fdata-sections -Wall -fstack-usage -fcyclomatic-complexity -MMD -MP -MF"Src/009spi_message_rcv_it.d" -MT"Src/009spi_message_rcv_it.o" --specs=nano.specs -mfloat-abi=soft -mthumb -o "Src/009spi_message_rcv_it.o"
arm-none-eabi-gcc "../Src/syscalls.c" -mcpu=cortex-m4 -std=gnu11 -g3 -DDEBUG -DSTM32 -DSTM32F407G_DISC1 -DSTM32F4 -DSTM32F407VGTx -c -I../Inc -I"C:/STM32F407G_Development/Development/MCU1/SPI_Driver/Drivers/Inc" -O0 -ffunction-sections -fdata-sections -Wall -fstack-usage -fcyclomatic-complexity -MMD -MP -MF"Src/syscalls.d" -MT"Src/syscalls.o" --specs=nano.specs -mfloat-abi=soft -mthumb -o "Src/syscalls.o"
arm-none-eabi-gcc "../Src/sysmem.c" -mcpu=cortex-m4 -std=gnu11 -g3 -DDEBUG -DSTM32 -DSTM32F407G_DISC1 -DSTM32F4 -DSTM32F407VGTx -c -I../Inc -I"C:/STM32F407G_Development/Development/MCU1/SPI_Driver/Drivers/Inc" -O0 -ffunction-sections -fdata-sections -Wall -fstack-usage -fcyclomatic-complexity -MMD -MP -MF"Src/sysmem.d" -MT"Src/sysmem.o" --specs=nano.specs -mfloat-abi=soft -mthumb -o "Src/sysmem.o"
arm-none-eabi-gcc "../Drivers/Src/stm32f407xx_gpio_driver.c" -mcpu=cortex-m4 -std=gnu11 -g3 -DDEBUG -DSTM32 -DSTM32F407G_DISC1 -DSTM32F4 -DSTM32F407VGTx -c -I../Inc -I"C:/STM32F407G_Development/Development/MCU1/SPI_Driver/Drivers/Inc" -O0 -ffunction-sections -fdata-sections -Wall -fstack-usage -fcyclomatic-complexity -MMD -MP -MF"Drivers/Src/stm32f407xx_gpio_driver.d" -MT"Drivers/Src/stm32f407xx_gpio_driver.o" --specs=nano.specs -mfloat-abi=soft -mthumb -o "Drivers/Src/stm32f407xx_gpio_driver.o"
arm-none-eabi-gcc "../Drivers/Src/stm32f407xx_spi_driver.c" -mcpu=cortex-m4 -std=gnu11 -g3 -DDEBUG -DSTM32 -DSTM32F407G_DISC1 -DSTM32F4 -DSTM32F407VGTx -c -I../Inc -I"C:/STM32F407G_Development/Development/MCU1/SPI_Driver/Drivers/Inc" -O0 -ffunction-sections -fdata-sections -Wall -fstack-usage -fcyclomatic-complexity -MMD -MP -MF"Drivers/Src/stm32f407xx_spi_driver.d" -MT"Drivers/Src/stm32f407xx_spi_driver.o" --specs=nano.specs -mfloat-abi=soft -mthumb -o "Drivers/Src/stm32f407xx_spi_driver.o"
../Src/009spi_message_rcv_it.c: In function 'main':
../Src/009spi_message_rcv_it.c:155:63: warning: passing argument 2 of 'SPI_ReceiveDataIT' discards 'volatile' qualifier from pointer target type [-Wdiscarded-qualifiers]
  155 |                         while ( SPI_ReceiveDataIT(&SPI2handle,&ReadByte,1) == SPI_BUSY_IN_RX );
      |                                                               ^~~~~~~~~
In file included from C:/STM32F407G_Development/Development/MCU1/SPI_Driver/Drivers/Inc/stm32f407xx_spi.h:134,
                 from ../Src/009spi_message_rcv_it.c:19:
C:/STM32F407G_Development/Development/MCU1/SPI_Driver/Drivers/Inc/stm32f407xx_spi_driver.h:125:61: note: expected 'uint8_t *' {aka 'unsigned char *'} but argument is of type 'volatile char *'
  125 | uint8_t SPI_ReceiveDataIT(SPI_Handle_t *pSPIHandle,uint8_t *pRxBuffer,uint32_t Len);
      |                                                    ~~~~~~~~~^~~~~~~~~
arm-none-eabi-gcc -o "SPI_Driver.elf" @"objects.list"   -mcpu=cortex-m4 -T"C:\STM32F407G_Development\Development\MCU1\SPI_Driver\STM32F407VGTX_FLASH.ld" --specs=nosys.specs -Wl,-Map="SPI_Driver.map" -Wl,--gc-sections -static --specs=nano.specs -mfloat-abi=soft -mthumb -Wl,--start-group -lc -lm -Wl,--end-group
Finished building target: SPI_Driver.elf
 
arm-none-eabi-size  SPI_Driver.elf 
arm-none-eabi-objdump -h -S SPI_Driver.elf  > "SPI_Driver.list"
   text	   data	    bss	    dec	    hex	filename
   8796	     92	   2444	  11332	   2c44	SPI_Driver.elf
Finished building: default.size.stdout
 
Finished building: SPI_Driver.list
 

13:28:04 Build Finished. 0 errors, 1 warnings. (took 3s.203ms)

