14:32:22 **** Incremental Build of configuration Debug for project stm32f4xx_drivers ****
make -j8 all 
arm-none-eabi-gcc "../Src/001ledtoggle.c" -mcpu=cortex-m4 -std=gnu11 -g3 -DDEBUG -DSTM32 -DSTM32F407G_DISC1 -DSTM32F4 -DSTM32F407VGTx -c -I../Inc -I"C:/STM32F407G_Development/Development/MCU1/Step1_GPIO_Dev/Inc" -I"C:/STM32F407G_Development/Development/MCU1/stm32f4xx_drivers/Driver/Inc" -O0 -ffunction-sections -fdata-sections -Wall -fstack-usage -fcyclomatic-complexity -MMD -MP -MF"Src/001ledtoggle.d" -MT"Src/001ledtoggle.o" --specs=nano.specs -mfloat-abi=soft -mthumb -o "Src/001ledtoggle.o"
arm-none-eabi-gcc -o "stm32f4xx_drivers.elf" @"objects.list"   -mcpu=cortex-m4 -T"C:\STM32F407G_Development\Development\MCU1\stm32f4xx_drivers\STM32F407VGTX_FLASH.ld" --specs=nosys.specs -Wl,-Map="stm32f4xx_drivers.map" -Wl,--gc-sections -static --specs=nano.specs -mfloat-abi=soft -mthumb -Wl,--start-group -lc -lm -Wl,--end-group
Finished building target: stm32f4xx_drivers.elf
 
arm-none-eabi-size  stm32f4xx_drivers.elf 
arm-none-eabi-objdump -h -S stm32f4xx_drivers.elf  > "stm32f4xx_drivers.list"
   text	   data	    bss	    dec	    hex	filename
   1656	      0	   1568	   3224	    c98	stm32f4xx_drivers.elf
Finished building: default.size.stdout
 
Finished building: stm32f4xx_drivers.list
 

14:32:23 Build Finished. 0 errors, 0 warnings. (took 1s.101ms)

