17:39:13 **** Incremental Build of configuration Debug for project USART_Driver ****
make -j8 all 
arm-none-eabi-gcc "../Src/015uart_tx.c" -mcpu=cortex-m4 -std=gnu11 -g3 -DDEBUG -DSTM32 -DSTM32F407G_DISC1 -DSTM32F4 -DSTM32F407VGTx -c -I../Inc -I"C:/STM32F407G_Development/Development/MCU1/USART_Driver/Drivers/Inc" -O0 -ffunction-sections -fdata-sections -Wall -fstack-usage -fcyclomatic-complexity -MMD -MP -MF"Src/015uart_tx.d" -MT"Src/015uart_tx.o" --specs=nano.specs -mfloat-abi=soft -mthumb -o "Src/015uart_tx.o"
arm-none-eabi-gcc -o "USART_Driver.elf" @"objects.list"   -mcpu=cortex-m4 -T"C:\STM32F407G_Development\Development\MCU1\USART_Driver\STM32F407VGTX_FLASH.ld" --specs=nosys.specs -Wl,-Map="USART_Driver.map" -Wl,--gc-sections -static --specs=nano.specs -mfloat-abi=soft -mthumb -Wl,--start-group -lc -lm -Wl,--end-group
Finished building target: USART_Driver.elf
 
arm-none-eabi-size  USART_Driver.elf 
arm-none-eabi-objdump -h -S USART_Driver.elf  > "USART_Driver.list"
   text	   data	    bss	    dec	    hex	filename
   3444	   1056	   1600	   6100	   17d4	USART_Driver.elf
Finished building: default.size.stdout
 
Finished building: USART_Driver.list
 

17:39:14 Build Finished. 0 errors, 0 warnings. (took 1s.100ms)

